// Jest Snapshot v1, https://goo.gl/fbAQLP

exports[`renders planets options 1`] = `
<DocumentFragment>
  <div
    class="MuiFormControl-root makeStyles-formControl-1"
  >
    <label
      id="demo-simple-select-label"
    >
      Destination 1
    </label>
    <select
      class="makeStyles-select-3"
      data-testid="planet-select"
      id="planet-select"
    >
      <option
        data-testid="default"
        value="default"
      >
        Select Planet
      </option>
      <option
        data-testid="Planet 1"
        value="Planet 1"
      >
        Planet 1
      </option>
      <option
        data-testid="Planet 2"
        value="Planet 2"
      >
        Planet 2
      </option>
    </select>
    <div
      aria-label="vehicles"
      class="MuiFormGroup-root"
      role="radiogroup"
    >
      <label
        class="MuiFormControlLabel-root"
      >
        <span
          aria-disabled="false"
          class="MuiButtonBase-root MuiIconButton-root PrivateSwitchBase-root-21 MuiRadio-root MuiRadio-colorSecondary MuiIconButton-colorSecondary"
          data-testid="Vehicles 1"
        >
          <span
            class="MuiIconButton-label"
          >
            <input
              class="PrivateSwitchBase-input-24"
              name="vehicles"
              type="radio"
              value="Vehicles 1"
            />
            <div
              class="PrivateRadioButtonIcon-root-37"
            >
              <svg
                aria-hidden="true"
                class="MuiSvgIcon-root"
                focusable="false"
                viewBox="0 0 24 24"
              >
                <path
                  d="M12 2C6.48 2 2 6.48 2 12s4.48 10 10 10 10-4.48 10-10S17.52 2 12 2zm0 18c-4.42 0-8-3.58-8-8s3.58-8 8-8 8 3.58 8 8-3.58 8-8 8z"
                />
              </svg>
              <svg
                aria-hidden="true"
                class="MuiSvgIcon-root PrivateRadioButtonIcon-layer-38"
                focusable="false"
                viewBox="0 0 24 24"
              >
                <path
                  d="M8.465 8.465C9.37 7.56 10.62 7 12 7C14.76 7 17 9.24 17 12C17 13.38 16.44 14.63 15.535 15.535C14.63 16.44 13.38 17 12 17C9.24 17 7 14.76 7 12C7 10.62 7.56 9.37 8.465 8.465Z"
                />
              </svg>
            </div>
          </span>
          <span
            class="MuiTouchRipple-root"
          />
        </span>
        <span
          class="MuiTypography-root MuiFormControlLabel-label MuiTypography-body1"
        >
          VEHICLES 1 (1)
        </span>
      </label>
      <label
        class="MuiFormControlLabel-root"
      >
        <span
          aria-disabled="false"
          class="MuiButtonBase-root MuiIconButton-root PrivateSwitchBase-root-21 MuiRadio-root MuiRadio-colorSecondary MuiIconButton-colorSecondary"
          data-testid="Vehicles 2"
        >
          <span
            class="MuiIconButton-label"
          >
            <input
              class="PrivateSwitchBase-input-24"
              name="vehicles"
              type="radio"
              value="Vehicles 2"
            />
            <div
              class="PrivateRadioButtonIcon-root-37"
            >
              <svg
                aria-hidden="true"
                class="MuiSvgIcon-root"
                focusable="false"
                viewBox="0 0 24 24"
              >
                <path
                  d="M12 2C6.48 2 2 6.48 2 12s4.48 10 10 10 10-4.48 10-10S17.52 2 12 2zm0 18c-4.42 0-8-3.58-8-8s3.58-8 8-8 8 3.58 8 8-3.58 8-8 8z"
                />
              </svg>
              <svg
                aria-hidden="true"
                class="MuiSvgIcon-root PrivateRadioButtonIcon-layer-38"
                focusable="false"
                viewBox="0 0 24 24"
              >
                <path
                  d="M8.465 8.465C9.37 7.56 10.62 7 12 7C14.76 7 17 9.24 17 12C17 13.38 16.44 14.63 15.535 15.535C14.63 16.44 13.38 17 12 17C9.24 17 7 14.76 7 12C7 10.62 7.56 9.37 8.465 8.465Z"
                />
              </svg>
            </div>
          </span>
          <span
            class="MuiTouchRipple-root"
          />
        </span>
        <span
          class="MuiTypography-root MuiFormControlLabel-label MuiTypography-body1"
        >
          VEHICLES 2 (2)
        </span>
      </label>
    </div>
  </div>
</DocumentFragment>
`;
